// Jest Snapshot v1, https://goo.gl/fbAQLP

exports[`Price should render the price prop correctly 1`] = `
<Text
  style={
    {
      "fontSize": 16,
      "fontWeight": "bold",
      "marginLeft": "auto",
    }
  }
>
  $
  9.99
</Text>
`;
