// Jest Snapshot v1, https://goo.gl/fbAQLP

exports[`ButtonGroup should render the buttons correctly 1`] = `
<View
  style={
    {
      "flexDirection": "row",
      "justifyContent": "center",
      "marginBottom": 16,
    }
  }
>
  <View
    accessibilityState={
      {
        "busy": undefined,
        "checked": undefined,
        "disabled": undefined,
        "expanded": undefined,
        "selected": undefined,
      }
    }
    accessibilityValue={
      {
        "max": undefined,
        "min": undefined,
        "now": undefined,
        "text": undefined,
      }
    }
    accessible={true}
    collapsable={false}
    focusable={true}
    onClick={[Function]}
    onResponderGrant={[Function]}
    onResponderMove={[Function]}
    onResponderRelease={[Function]}
    onResponderTerminate={[Function]}
    onResponderTerminationRequest={[Function]}
    onStartShouldSetResponder={[Function]}
    style={
      {
        "backgroundColor": "#ccc",
        "borderColor": "#ccc",
        "borderRadius": 4,
        "borderWidth": 1,
        "marginHorizontal": 8,
        "opacity": 1,
        "paddingHorizontal": 16,
        "paddingVertical": 8,
      }
    }
  >
    <Text
      style={
        {
          "color": "#000",
          "fontSize": 14,
          "fontWeight": "bold",
        }
      }
    >
      Button 1
    </Text>
  </View>
  <View
    accessibilityState={
      {
        "busy": undefined,
        "checked": undefined,
        "disabled": undefined,
        "expanded": undefined,
        "selected": undefined,
      }
    }
    accessibilityValue={
      {
        "max": undefined,
        "min": undefined,
        "now": undefined,
        "text": undefined,
      }
    }
    accessible={true}
    collapsable={false}
    focusable={true}
    onClick={[Function]}
    onResponderGrant={[Function]}
    onResponderMove={[Function]}
    onResponderRelease={[Function]}
    onResponderTerminate={[Function]}
    onResponderTerminationRequest={[Function]}
    onStartShouldSetResponder={[Function]}
    style={
      {
        "borderColor": "#ccc",
        "borderRadius": 4,
        "borderWidth": 1,
        "marginHorizontal": 8,
        "opacity": 1,
        "paddingHorizontal": 16,
        "paddingVertical": 8,
      }
    }
  >
    <Text
      style={
        {
          "color": "#000",
          "fontSize": 14,
          "fontWeight": "bold",
        }
      }
    >
      Button 2
    </Text>
  </View>
  <View
    accessibilityState={
      {
        "busy": undefined,
        "checked": undefined,
        "disabled": undefined,
        "expanded": undefined,
        "selected": undefined,
      }
    }
    accessibilityValue={
      {
        "max": undefined,
        "min": undefined,
        "now": undefined,
        "text": undefined,
      }
    }
    accessible={true}
    collapsable={false}
    focusable={true}
    onClick={[Function]}
    onResponderGrant={[Function]}
    onResponderMove={[Function]}
    onResponderRelease={[Function]}
    onResponderTerminate={[Function]}
    onResponderTerminationRequest={[Function]}
    onStartShouldSetResponder={[Function]}
    style={
      {
        "borderColor": "#ccc",
        "borderRadius": 4,
        "borderWidth": 1,
        "marginHorizontal": 8,
        "opacity": 1,
        "paddingHorizontal": 16,
        "paddingVertical": 8,
      }
    }
  >
    <Text
      style={
        {
          "color": "#000",
          "fontSize": 14,
          "fontWeight": "bold",
        }
      }
    >
      Button 3
    </Text>
  </View>
</View>
`;
